
> tracker-app@1.0.0 web
> expo start --web --port 8081

Starting project at /app
Using src/app as the root directory for Expo Router.
NativeWind made the following changes to your project to support TypeScript:
  - Created nativewind-env.d.ts
Starting Metro Bundler

Failed to construct transformer:  Error: [BABEL]: Cannot find module 'react-native-worklets/plugin'
Require stack:
- /app/node_modules/react-native-reanimated/plugin/index.js
- /app/node_modules/@babel/core/lib/config/files/module-types.js
- /app/node_modules/@babel/core/lib/config/files/configuration.js
- /app/node_modules/@babel/core/lib/config/files/index.js
- /app/node_modules/@babel/core/lib/index.js
- /app/node_modules/expo/node_modules/@expo/metro-config/build/serializer/treeShakeSerializerPlugin.js
- /app/node_modules/expo/node_modules/@expo/metro-config/build/serializer/withExpoSerializers.js
- /app/node_modules/expo/node_modules/@expo/metro-config/build/ExpoMetroConfig.js
- /app/node_modules/expo/node_modules/@expo/metro-config/build/config/loadUserConfig.js
- /app/node_modules/expo/node_modules/@expo/metro-config/build/index.js
- /app/node_modules/expo/node_modules/@expo/cli/build/src/start/server/metro/instantiateMetro.js
- /app/node_modules/expo/node_modules/@expo/cli/build/src/start/server/metro/MetroBundlerDevServer.js
- /app/node_modules/expo/node_modules/@expo/cli/build/src/start/server/DevServerManager.js
- /app/node_modules/expo/node_modules/@expo/cli/build/src/start/startAsync.js
- /app/node_modules/expo/node_modules/@expo/cli/build/src/start/index.js
- /app/node_modules/expo/node_modules/@expo/cli/build/bin/cli
- /app/node_modules/expo/bin/cli (While processing: /app/node_modules/react-native-reanimated/plugin/index.js)
    at Function._resolveFilename (node:internal/modules/cjs/loader:1383:15)
    at defaultResolveImpl (node:internal/modules/cjs/loader:1025:19)
    at resolveForCJSWithHooks (node:internal/modules/cjs/loader:1030:22)
    at Function._load (node:internal/modules/cjs/loader:1192:37)
    at TracingChannel.traceSync (node:diagnostics_channel:328:14)
    at wrapModuleLoad (node:internal/modules/cjs/loader:237:24)
    at Module.require (node:internal/modules/cjs/loader:1463:12)
    at require (node:internal/modules/helpers:147:16)
    at Object.<anonymous> (/app/node_modules/react-native-reanimated/plugin/index.js:2:16)
    at Module._compile (node:internal/modules/cjs/loader:1705:14)
    at Object..js (node:internal/modules/cjs/loader:1838:10)
    at Module.load (node:internal/modules/cjs/loader:1441:32)
    at Function._load (node:internal/modules/cjs/loader:1263:12)
    at TracingChannel.traceSync (node:diagnostics_channel:328:14)
    at wrapModuleLoad (node:internal/modules/cjs/loader:237:24)
    at Module.require (node:internal/modules/cjs/loader:1463:12)
    at require (node:internal/modules/helpers:147:16) {
  code: 'MODULE_NOT_FOUND',
  requireStack: [
    '/app/node_modules/react-native-reanimated/plugin/index.js',
    '/app/node_modules/@babel/core/lib/config/files/module-types.js',
    '/app/node_modules/@babel/core/lib/config/files/configuration.js',
    '/app/node_modules/@babel/core/lib/config/files/index.js',
    '/app/node_modules/@babel/core/lib/index.js',
    '/app/node_modules/expo/node_modules/@expo/metro-config/build/serializer/treeShakeSerializerPlugin.js',
    '/app/node_modules/expo/node_modules/@expo/metro-config/build/serializer/withExpoSerializers.js',
    '/app/node_modules/expo/node_modules/@expo/metro-config/build/ExpoMetroConfig.js',
    '/app/node_modules/expo/node_modules/@expo/metro-config/build/config/loadUserConfig.js',
    '/app/node_modules/expo/node_modules/@expo/metro-config/build/index.js',
    '/app/node_modules/expo/node_modules/@expo/cli/build/src/start/server/metro/instantiateMetro.js',
    '/app/node_modules/expo/node_modules/@expo/cli/build/src/start/server/metro/MetroBundlerDevServer.js',
    '/app/node_modules/expo/node_modules/@expo/cli/build/src/start/server/DevServerManager.js',
    '/app/node_modules/expo/node_modules/@expo/cli/build/src/start/startAsync.js',
    '/app/node_modules/expo/node_modules/@expo/cli/build/src/start/index.js',
    '/app/node_modules/expo/node_modules/@expo/cli/build/bin/cli',
    '/app/node_modules/expo/bin/cli'
  ]
}
Waiting on http://localhost:8081
Logs for your project will appear below.
TypeScript: The tsconfig.json#include property has been updated
